Component: ARM Compiler 6.16 Tool: armlink [5dfeaa00]

==============================================================================

Section Cross References

    main.o(MAIN) refers to main.o(CONSTANT_FLASH) for mas
    main.o(MAIN) refers to main.o(VERIABLE_RAM) for result
    startup.o(MAIN) refers to startup.o(CONSTANT_FLASH) for mas
    startup.o(MAIN) refers to startup.o(VERIABLE_RAM) for result
    startup.o(RESET) refers to startup.o(MAIN) for main


==============================================================================

Removing Unused input sections from the image.

    Removing main.o(CONSTANT_FLASH), (10 bytes).
    Removing main.o(VERIABLE_RAM), (11 bytes).
    Removing main.o(MAIN), (108 bytes).

3 unused section(s) (total 129 bytes) removed from the image.

==============================================================================

Image Symbol Table

    Local Symbols

    Symbol Name                              Value     Ov Type        Size  Object(Section)

    main.s                                   0x00000000   Number         0  main.o ABSOLUTE
    startup.s                                0x00000000   Number         0  startup.o ABSOLUTE
    stm32_EQU.s                              0x00000000   Number         0  stm32_equ.o ABSOLUTE
    RESET                                    0x08000000   Section       12  startup.o(RESET)
    startup                                  0x08000009   Thumb Code     4  startup.o(RESET)
    main                                     0x0800000d   Thumb Code   100  startup.o(MAIN)
    MAIN                                     0x0800000c   Section      108  startup.o(MAIN)
    mas                                      0x08000078   Data          10  startup.o(CONSTANT_FLASH)
    CONSTANT_FLASH                           0x08000078   Section       10  startup.o(CONSTANT_FLASH)
    result                                   0x20000000   Data          10  startup.o(VERIABLE_RAM)
    VERIABLE_RAM                             0x20000000   Section       11  startup.o(VERIABLE_RAM)

    Global Symbols

    Symbol Name                              Value     Ov Type        Size  Object(Section)

    BuildAttributes$$THM_ISAv4$P$D$K$B$S$A:L22UL41UL21$X:L11$S22US41US21$IEEE1$~IW$USESV6$~STKCKD$USESV7$~SHL$OSPACE$EBA8$STANDARDLIB$PRES8$EABIv2 0x00000000   Number         0  anon$$obj.o ABSOLUTE



==============================================================================

Memory Map of the image

  Image Entry point : 0x08000009

  Load Region LR_IROM1 (Base: 0x08000000, Size: 0x00000090, Max: 0x00010000, ABSOLUTE)

    Execution Region ER_IROM1 (Exec base: 0x08000000, Load base: 0x08000000, Size: 0x00000084, Max: 0x00010000, ABSOLUTE)

    Exec Addr    Load Addr    Size         Type   Attr      Idx    E Section Name        Object

    0x08000000   0x08000000   0x0000000c   Code   RO           12  * RESET               startup.o
    0x0800000c   0x0800000c   0x0000006c   Code   RO           11    MAIN                startup.o
    0x08000078   0x08000078   0x0000000a   Data   RO            9    CONSTANT_FLASH      startup.o


    Execution Region RW_IRAM1 (Exec base: 0x20000000, Load base: 0x08000084, Size: 0x0000000c, Max: 0x00005000, ABSOLUTE)

    Exec Addr    Load Addr    Size         Type   Attr      Idx    E Section Name        Object

    0x20000000   0x08000084   0x0000000b   Data   RW           10    VERIABLE_RAM        startup.o


==============================================================================

Image component sizes


      Code (inc. data)   RO Data    RW Data    ZI Data      Debug   Object Name

         0          0          0          0          0         32   main.o
       120         16         10         11          0        608   startup.o

    ----------------------------------------------------------------------
       120         16         12         12          0        640   Object Totals
         0          0          0          0          0          0   (incl. Generated)
         0          0          2          1          0          0   (incl. Padding)

    ----------------------------------------------------------------------
         0          0          0          0          0          0   Library Totals
         0          0          0          0          0          0   (incl. Padding)

    ----------------------------------------------------------------------

==============================================================================


      Code (inc. data)   RO Data    RW Data    ZI Data      Debug   

       120         16         12         12          0        588   Grand Totals
       120         16         12         12          0        588   ELF Image Totals
       120         16         12         12          0          0   ROM Totals

==============================================================================

    Total RO  Size (Code + RO Data)                  132 (   0.13kB)
    Total RW  Size (RW Data + ZI Data)                12 (   0.01kB)
    Total ROM Size (Code + RO Data + RW Data)        144 (   0.14kB)

==============================================================================

